// Jest Snapshot v1, https://goo.gl/fbAQLP

exports[`XCSoar - TaskReader - read() reads "2017-07-15-lev" task correctly 1`] = `
Object {
  "aat_min_time": 10800,
  "points": Array [
    Object {
      "observation_zone": Object {
        "length": 20000,
        "type": "Line",
      },
      "type": "Start",
      "waypoint": Object {
        "altitude": 86,
        "location": Object {
          "latitude": 51.1413833,
          "longitude": 6.9852833,
        },
        "name": "Langenfeld-Wiescheid",
      },
    },
    Object {
      "observation_zone": Object {
        "radius": 10000,
        "type": "Cylinder",
      },
      "type": "Area",
      "waypoint": Object {
        "altitude": 190,
        "location": Object {
          "latitude": 50.8241667,
          "longitude": 6.18695,
        },
        "name": "Aachen Merzbrück",
      },
    },
    Object {
      "observation_zone": Object {
        "radius": 30000,
        "type": "Cylinder",
      },
      "type": "Area",
      "waypoint": Object {
        "altitude": 205,
        "location": Object {
          "latitude": 50.5597167,
          "longitude": 7.1375,
        },
        "name": "Bad Neuenahr",
      },
    },
    Object {
      "observation_zone": Object {
        "radius": 10000,
        "type": "Cylinder",
      },
      "type": "Area",
      "waypoint": Object {
        "altitude": 7,
        "location": Object {
          "latitude": 50.8888833,
          "longitude": 6.4916667,
        },
        "name": "058Hambach Süd",
      },
    },
    Object {
      "observation_zone": Object {
        "radius": 10000,
        "type": "Cylinder",
      },
      "type": "Area",
      "waypoint": Object {
        "altitude": 200,
        "location": Object {
          "latitude": 51.17695,
          "longitude": 7.2,
        },
        "name": "110Remscheid Bhf",
      },
    },
    Object {
      "observation_zone": Object {
        "length": 5000,
        "type": "Line",
      },
      "type": "Finish",
      "waypoint": Object {
        "altitude": 130,
        "location": Object {
          "latitude": 51.0977833,
          "longitude": 7.03695,
        },
        "name": "002Zielkreis",
      },
    },
  ],
  "type": "AAT",
}
`;
