// Jest Snapshot v1, https://goo.gl/fbAQLP

exports[`RacingTaskSolver with task "2017-07-17-lev.tsk" can handle outlandings 1`] = `
Object {
  "completed": false,
  "distance": 94376.39268479476,
  "finish": undefined,
  "speed": undefined,
  "time": undefined,
  "turns": Array [
    Object {
      "point": Array [
        6.28125,
        50.989016666666664,
      ],
      "time": 1500306180000,
    },
    Object {
      "point": Array [
        6.1937500000000005,
        51.1723,
      ],
      "time": 1500308465000,
    },
  ],
}
`;

exports[`RacingTaskSolver with task "2017-07-17-lev.tsk" returns a result 1`] = `
Object {
  "completed": true,
  "distance": 136420.85415876907,
  "finish": Object {
    "point": Array [
      7.008533333333333,
      51.09851666666667,
    ],
    "time": 1500309551000,
  },
  "speed": 75.64927217676659,
  "time": 6492,
  "turns": Array [
    Object {
      "point": Array [
        6.2829,
        50.996633333333335,
      ],
      "time": 1500305067000,
    },
    Object {
      "point": Array [
        6.194816666666667,
        51.173249999999996,
      ],
      "time": 1500306715000,
    },
    Object {
      "point": Array [
        6.6080499999999995,
        50.96866666666667,
      ],
      "time": 1500308407000,
    },
  ],
}
`;
