// Jest Snapshot v1, https://goo.gl/fbAQLP

exports[`RacingTaskSolver with task "2017-07-17-lev.tsk" can handle outlandings 1`] = `
Object {
  "completed": false,
  "distance": 94376.39268479476,
  "speed": undefined,
  "time": undefined,
}
`;

exports[`RacingTaskSolver with task "2017-07-17-lev.tsk" returns a result 1`] = `
Object {
  "completed": true,
  "distance": 136420.85415876907,
  "speed": 75.64927217676659,
  "time": 6492,
}
`;
