// Jest Snapshot v1, https://goo.gl/fbAQLP

exports[`readTask() reads "2017-07-15-lev" task correctly 1`] = `
Object {
  "aatMinTime": 10800,
  "isAAT": true,
  "points": Array [
    Turnpoint {
      "altitude": 86,
      "name": "Langenfeld-Wiescheid",
      "observationZone": Line {
        "center": Array [
          6.9852833,
          51.1413833,
        ],
        "coordinates": Array [
          Array [
            6.909333184806305,
            51.21764493755941,
          ],
          Array [
            7.060982811362881,
            51.0650726380352,
          ],
        ],
        "direction": -121.94784479982403,
        "length": 20000,
      },
    },
    Turnpoint {
      "altitude": 190,
      "name": "Aachen Merzbrück",
      "observationZone": Cylinder {
        "center": Array [
          6.18695,
          50.8241667,
        ],
        "radius": 10000,
      },
    },
    Turnpoint {
      "altitude": 205,
      "name": "Bad Neuenahr",
      "observationZone": Cylinder {
        "center": Array [
          7.1375,
          50.5597167,
        ],
        "radius": 30000,
      },
    },
    Turnpoint {
      "altitude": 7,
      "name": "058Hambach Süd",
      "observationZone": Cylinder {
        "center": Array [
          6.4916667,
          50.8888833,
        ],
        "radius": 10000,
      },
    },
    Turnpoint {
      "altitude": 200,
      "name": "110Remscheid Bhf",
      "observationZone": Cylinder {
        "center": Array [
          7.2,
          51.17695,
        ],
        "radius": 10000,
      },
    },
    Turnpoint {
      "altitude": 130,
      "name": "002Zielkreis",
      "observationZone": Line {
        "center": Array [
          7.03695,
          51.0977833,
        ],
        "coordinates": Array [
          Array [
            7.0150698248268455,
            51.115572016158744,
          ],
          Array [
            7.058813343304832,
            51.07999050345367,
          ],
        ],
        "direction": -127.66985298448614,
        "length": 5000,
      },
    },
  ],
}
`;
