// Jest Snapshot v1, https://goo.gl/fbAQLP

exports[`readTask() reads "2017-07-15-lev" task correctly 1`] = `
Object {
  "aatMinTime": 10800,
  "points": Array [
    Turnpoint {
      "altitude": 86,
      "location": Array [
        6.9852833,
        51.1413833,
      ],
      "name": "Langenfeld-Wiescheid",
      "observationZone": Line {
        "bearing": -121.94784479982403,
        "center": Array [
          6.9852833,
          51.1413833,
        ],
        "length": 20000,
      },
    },
    Turnpoint {
      "altitude": 190,
      "location": Array [
        6.18695,
        50.8241667,
      ],
      "name": "Aachen Merzbrück",
      "observationZone": Cylinder {
        "bearing": 355.6966840687328,
        "center": Array [
          6.18695,
          50.8241667,
        ],
        "radius": 10000,
      },
    },
    Turnpoint {
      "altitude": 205,
      "location": Array [
        7.1375,
        50.5597167,
      ],
      "name": "Bad Neuenahr",
      "observationZone": Cylinder {
        "bearing": 31.214380506067794,
        "center": Array [
          7.1375,
          50.5597167,
        ],
        "radius": 30000,
      },
    },
    Turnpoint {
      "altitude": 7,
      "location": Array [
        6.4916667,
        50.8888833,
      ],
      "name": "058Hambach Süd",
      "observationZone": Cylinder {
        "bearing": 2.9612250819657575,
        "center": Array [
          6.4916667,
          50.8888833,
        ],
        "radius": 10000,
      },
    },
    Turnpoint {
      "altitude": 200,
      "location": Array [
        7.2,
        51.17695,
      ],
      "name": "110Remscheid Bhf",
      "observationZone": Cylinder {
        "bearing": 324.58252455229973,
        "center": Array [
          7.2,
          51.17695,
        ],
        "radius": 10000,
      },
    },
    Turnpoint {
      "altitude": 130,
      "location": Array [
        7.03695,
        51.0977833,
      ],
      "name": "002Zielkreis",
      "observationZone": Line {
        "bearing": -127.66985298448614,
        "center": Array [
          7.03695,
          51.0977833,
        ],
        "length": 1000,
      },
    },
  ],
  "type": "AAT",
}
`;
