// Jest Snapshot v1, https://goo.gl/fbAQLP

exports[`IGCParser parse() parses valid IGC files 1`] = `
Object {
  "gpsAltitude": 49,
  "latitude": 51.0107,
  "longitude": 7.010066666666667,
  "pressureAltitude": -42,
  "time": "10:18:26",
  "timestamp": 1500113906000,
  "valid": true,
}
`;

exports[`IGCParser parse() parses valid IGC files 2`] = `
Object {
  "gpsAltitude": 873,
  "latitude": 50.84336666666667,
  "longitude": 6.4120333333333335,
  "pressureAltitude": 773,
  "time": "11:37:45",
  "timestamp": 1500118665000,
  "valid": true,
}
`;

exports[`IGCParser parse() parses valid IGC files 3`] = `
Object {
  "gpsAltitude": 478,
  "latitude": 50.60658333333333,
  "longitude": 6.79495,
  "pressureAltitude": 378,
  "time": "12:28:38",
  "timestamp": 1500121718000,
  "valid": true,
}
`;

exports[`IGCParser parse() parses valid IGC files 4`] = `
Object {
  "gpsAltitude": 50,
  "latitude": 51.0137,
  "longitude": 7.007866666666667,
  "pressureAltitude": -40,
  "time": "14:39:10",
  "timestamp": 1500129550000,
  "valid": true,
}
`;

exports[`IGCParser parse() throws if HFDTE is missing 1`] = `"Missing HFDTE record"`;

exports[`IGCParser parseBRecord() throws for invalid records 1`] = `"Invalid B record: "`;

exports[`IGCParser parseBRecord() throws for invalid records 2`] = `"Invalid B record: B10a6555103888N00703115EA0065700751"`;

exports[`IGCParser parseBRecord() throws for invalid records 3`] = `"Invalid B record: B1026555103888X00703115EA0065700751"`;

exports[`IGCParser parseBRecord() throws for invalid records 4`] = `"Invalid B record: B102655510Z888N00703115EA0065700751"`;

exports[`IGCParser parseBRecord() throws for invalid records 5`] = `"Invalid B record: B1026555103888N00703115NA0065700751"`;

exports[`IGCParser parseDateHeader() throws for invalid records 1`] = `"Invalid HFDTE record: "`;

exports[`IGCParser parseDateHeader() throws for invalid records 2`] = `"Invalid HFDTE record: HFDTE"`;

exports[`IGCParser parseDateHeader() throws for invalid records 3`] = `"Invalid HFDTE record: HFDTEXXXXXX"`;

exports[`IGCParser parseDateHeader() throws for invalid records 4`] = `"Invalid HFDTE record: HFDTE1234?6"`;
